error[E0603]: struct `Flags2` is private
  --> $DIR/private_flags.rs:18:26
   |
18 |     let flag2 = example::Flags2::FLAG_B;
   |                          ^^^^^^
